]0;/home/ghy/test/5-project-age/quality-life]0;ghy@ghy-ThinkPad-T440: ~/test/5-project-age/quality-lifeghy@ghy-ThinkPad-T440:~/test/5-project-age/quality-life$ [K]0;ghy@ghy-ThinkPad-T440: ~/test/5-project-age/quality-lifeghy@ghy-ThinkPad-T440:~/test/5-project-age/quality-life$ git ni[K[Kinit
Initialized empty Git repository in /home/ghy/test/5-project-age/quality-life/.git/
]0;/home/ghy/test/5-project-age/quality-life]0;ghy@ghy-ThinkPad-T440: ~/test/5-project-age/quality-lifeghy@ghy-ThinkPad-T440:~/test/5-project-age/quality-life$ git add .
]0;/home/ghy/test/5-project-age/quality-life]0;ghy@ghy-ThinkPad-T440: ~/test/5-project-age/quality-lifeghy@ghy-ThinkPad-T440:~/test/5-project-age/quality-life$ git commit -m ""f"i"s"t"[1P"[1P"[1P"r"i"s"t" "c"o"m"m"i"t"
[master (root-commit) 83c957b] frist commit
 14 files changed, 89 insertions(+)
 create mode 100644 .Rproj.user/1506B92E/console06/4AA72055
 create mode 100644 .Rproj.user/1506B92E/console06/INDEX001
 create mode 100644 .Rproj.user/1506B92E/sources/prop/68590515
 create mode 100644 .Rproj.user/1506B92E/sources/prop/BCBCB79
 create mode 100644 .Rproj.user/1506B92E/sources/prop/INDEX
 create mode 100644 .Rproj.user/1506B92E/sources/s-F0603263/180242BC
 create mode 100644 .Rproj.user/1506B92E/sources/s-F0603263/180242BC-contents
 create mode 100644 .Rproj.user/1506B92E/sources/s-F0603263/5944796
 create mode 100644 .Rproj.user/1506B92E/sources/s-F0603263/5944796-contents
 create mode 100644 .Rproj.user/1506B92E/sources/s-F0603263/lock_file
 create mode 100644 .Rproj.user/shared/notebooks/patch-chunk-names
 create mode 100644 Agreement.md
 create mode 100644 README.md
 create mode 100644 quality-life.Rproj
]0;/home/ghy/test/5-project-age/quality-life]0;ghy@ghy-ThinkPad-T440: ~/test/5-project-age/quality-lifeghy@ghy-ThinkPad-T440:~/test/5-project-age/quality-life$ [K]0;ghy@ghy-ThinkPad-T440: ~/test/5-project-age/quality-lifeghy@ghy-ThinkPad-T440:~/test/5-project-age/quality-life$ git commit -m "frist commit"add .[K
]0;/home/ghy/test/5-project-age/quality-life]0;ghy@ghy-ThinkPad-T440: ~/test/5-project-age/quality-lifeghy@ghy-ThinkPad-T440:~/test/5-project-age/quality-life$ git add .commit -m "frist commit"
[master f8ae7cd] frist commit
 8 files changed, 55 insertions(+), 4 deletions(-)
 create mode 100644 .Rproj.user/1506B92E/sources/prop/D9D93B29
 create mode 100644 .Rproj.user/1506B92E/sources/s-F0603263/E6E67133
 create mode 100644 .Rproj.user/1506B92E/sources/s-F0603263/E6E67133-contents
 create mode 100644 Records.md
]0;/home/ghy/test/5-project-age/quality-life]0;ghy@ghy-ThinkPad-T440: ~/test/5-project-age/quality-lifeghy@ghy-ThinkPad-T440:~/test/5-project-age/quality-life$ git add remote origin git@github.com:HeyangGong/quanl[K[Klity-life.git
fatal: pathspec 'remote' did not match any files
]0;/home/ghy/test/5-project-age/quality-life]0;ghy@ghy-ThinkPad-T440: ~/test/5-project-age/quality-lifeghy@ghy-ThinkPad-T440:~/test/5-project-age/quality-life$ git add remote origin git@github.com:HeyangGong/quality-life.git[36Pcommit -m "frist commit"add .[Kcommit -m "frist commit"add .[K[1Pinit
Reinitialized existing Git repository in /home/ghy/test/5-project-age/quality-life/.git/
]0;/home/ghy/test/5-project-age/quality-life]0;ghy@ghy-ThinkPad-T440: ~/test/5-project-age/quality-lifeghy@ghy-ThinkPad-T440:~/test/5-project-age/quality-life$ git initadd remote origin git@github.com:HeyangGong/quality-life.gitinit[Kadd remote origin git@github.com:HeyangGong/quality-life.git[36Pcommit -m "frist commit"add .[K
]0;/home/ghy/test/5-project-age/quality-life]0;ghy@ghy-ThinkPad-T440: ~/test/5-project-age/quality-lifeghy@ghy-ThinkPad-T440:~/test/5-project-age/quality-life$ git add .[1Pinitadd remote origin git@github.com:HeyangGong/quality-life.gitinit[Kadd .[1Pinitadd remote origin git@github.com:HeyangGong/quality-life.git[36Pcommit -m "frist commit"
[master 5adedb5] frist commit
 9 files changed, 31 insertions(+), 15 deletions(-)
]0;/home/ghy/test/5-project-age/quality-life]0;ghy@ghy-ThinkPad-T440: ~/test/5-project-age/quality-lifeghy@ghy-ThinkPad-T440:~/test/5-project-age/quality-life$ git commit -m "frist commit"add .[K[1Pinitadd remote origin git@github.com:HeyangGong/quality-life.git[C[C[C[C[C[1P[1P[1P[1P
error: Unknown subcommand: origin
usage: git remote [-v | --verbose]
   or: git remote add [-t <branch>] [-m <master>] [-f] [--tags | --no-tags] [--mirror=<fetch|push>] <name> <url>
   or: git remote rename <old> <new>
   or: git remote remove <name>
   or: git remote set-head <name> (-a | --auto | -d | --delete | <branch>)
   or: git remote [-v | --verbose] show [-n] <name>
   or: git remote prune [-n | --dry-run] <name>
   or: git remote [-v | --verbose] update [-p | --prune] [(<group> | <remote>)...]
   or: git remote set-branches [--add] <name> <branch>...
   or: git remote set-url [--push] <name> <newurl> [<oldurl>]
   or: git remote set-url --add <name> <newurl>
   or: git remote set-url --delete <name> <url>

    -v, --verbose         be verbose; must be placed before a subcommand

]0;/home/ghy/test/5-project-age/quality-life]0;ghy@ghy-ThinkPad-T440: ~/test/5-project-age/quality-lifeghy@ghy-ThinkPad-T440:~/test/5-project-age/quality-life$ git remote origin git@github.com:HeyangGong/quality-life.git[1@a[1@d[1@d[1@ 
]0;/home/ghy/test/5-project-age/quality-life]0;ghy@ghy-ThinkPad-T440: ~/test/5-project-age/quality-lifeghy@ghy-ThinkPad-T440:~/test/5-project-age/quality-life$ git push 0[K-u origin master
ssh: Could not resolve hostname github.com: Temporary failure in name resolution
fatal: Could not read from remote repository.

Please make sure you have the correct access rights
and the repository exists.
]0;/home/ghy/test/5-project-age/quality-life]0;ghy@ghy-ThinkPad-T440: ~/test/5-project-age/quality-lifeghy@ghy-ThinkPad-T440:~/test/5-project-age/quality-life$ git push -u origin master
ssh: Could not resolve hostname github.com: Name or service not known
fatal: Could not read from remote repository.

Please make sure you have the correct access rights
and the repository exists.
]0;/home/ghy/test/5-project-age/quality-life]0;ghy@ghy-ThinkPad-T440: ~/test/5-project-age/quality-lifeghy@ghy-ThinkPad-T440:~/test/5-project-age/quality-life$ git push -u origin masterremote add origin git@github.com:HeyangGong/quality-life.git
fatal: remote origin already exists.
]0;/home/ghy/test/5-project-age/quality-life]0;ghy@ghy-ThinkPad-T440: ~/test/5-project-age/quality-lifeghy@ghy-ThinkPad-T440:~/test/5-project-age/quality-life$ git remote add origin git@github.com:HeyangGong/quality-life.git[39Ppush -u origin master
ssh: Could not resolve hostname github.com: Name or service not known
fatal: Could not read from remote repository.

Please make sure you have the correct access rights
and the repository exists.
gong.start it push -u origin masterremote add origin git@github.com:HeyangGong/quality-life.git[39Ppush -u origin masterremote add origin git@github.com:HeyangGong/quality-life.git[4P[C[C[C[C[C[C[C[C[C[C[C[C[C[C[C[C[C[C[C[C[C[C[C[C[C[C[C[C[C[C[C[C[C[C[C[C[C[C[C[C[C[C[C[C[C[C[C[C[C[32Pcommit -m "frist commit"add .[K[1Pinit
Reinitialized existing Git repository in /home/ghy/test/5-project-age/quality-life/.git/
]0;/home/ghy/test/5-project-age/quality-life]0;ghy@ghy-ThinkPad-T440: ~/test/5-project-age/quality-lifeghy@ghy-ThinkPad-T440:~/test/5-project-age/quality-life$ git initong.start it push -u origin masterremote add origin git@github.com:HeyangGong/quality-life.git[39Ppush -u origin masterremote add origin git@github.com:HeyangGong/quality-life.git[4P[C[C[C[C[C[C[C[C[C[C[C[C[C[C[C[C[C[C[C[C[C[C[C[C[C[C[C[C[C[C[C[C[C[C[C[C[C[C[C[C[C[C[C[C[C[C[C[C[C[32Pcommit -m "frist commit"add .[K
]0;/home/ghy/test/5-project-age/quality-life]0;ghy@ghy-ThinkPad-T440: ~/test/5-project-age/quality-lifeghy@ghy-ThinkPad-T440:~/test/5-project-age/quality-life$ git add .[1Pinitong.start it push -u origin masterremote add origin git@github.com:HeyangGong/quality-life.git[39Ppush -u origin masterremote add origin git@github.com:HeyangGong/quality-life.git[39Ppush -u origin masterremote add origin git@github.com:HeyangGong/quality-life.git[4P[C[C[C[C[C[C[C[C[C[C[C[C[C[C[C[C[C[C[C[C[C[C[C[C[C[C[C[C[C[C[C[C[C[C[C[C[C[C[C[C[C[C[C[C[C[C[C[C[C[32Pcommit -m "frist commit"
[master 7db3728] frist commit
 10 files changed, 50 insertions(+), 82 deletions(-)
 rewrite .Rproj.user/1506B92E/console06/INDEX001 (86%)
 delete mode 100644 .Rproj.user/1506B92E/sources/s-F0603263/180242BC
 delete mode 100644 .Rproj.user/1506B92E/sources/s-F0603263/180242BC-contents
 delete mode 100644 .Rproj.user/1506B92E/sources/s-F0603263/5944796
 delete mode 100644 .Rproj.user/1506B92E/sources/s-F0603263/5944796-contents
 delete mode 100644 .Rproj.user/1506B92E/sources/s-F0603263/E6E67133
 delete mode 100644 .Rproj.user/1506B92E/sources/s-F0603263/E6E67133-contents
 delete mode 100644 .Rproj.user/1506B92E/sources/s-F0603263/lock_file
 create mode 100644 .gitignore
]0;/home/ghy/test/5-project-age/quality-life]0;ghy@ghy-ThinkPad-T440: ~/test/5-project-age/quality-lifeghy@ghy-ThinkPad-T440:~/test/5-project-age/quality-life$ git commit -m "frist commit"add .[K[1Pinitong.start it push -u origin masterremote add origin git@github.com:HeyangGong/quality-life.git
fatal: remote origin already exists.
]0;/home/ghy/test/5-project-age/quality-life]0;ghy@ghy-ThinkPad-T440: ~/test/5-project-age/quality-lifeghy@ghy-ThinkPad-T440:~/test/5-project-age/quality-life$ git remote add origin git@github.com:HeyangGong/quality-life.git[36Pcommit -m "frist commit"add .[K[1Pinitong.start it push -u origin master
ssh: Could not resolve hostname github.com: Temporary failure in name resolution
fatal: Could not read from remote repository.

Please make sure you have the correct access rights
and the repository exists.
]0;/home/ghy/test/5-project-age/quality-life]0;ghy@ghy-ThinkPad-T440: ~/test/5-project-age/quality-lifeghy@ghy-ThinkPad-T440:~/test/5-project-age/quality-life$ git push -u origin master
ssh: Could not resolve hostname github.com: Name or service not known
fatal: Could not read from remote repository.

Please make sure you have the correct access rights
and the repository exists.
]0;/home/ghy/test/5-project-age/quality-life]0;ghy@ghy-ThinkPad-T440: ~/test/5-project-age/quality-lifeghy@ghy-ThinkPad-T440:~/test/5-project-age/quality-life$ git push -u origin master
ssh: Could not resolve hostname github.com: Temporary failure in name resolution
fatal: Could not read from remote repository.

Please make sure you have the correct access rights
and the repository exists.
git ni[K[Knint[K[K[K[Kinit
Reinitialized existing Git repository in /home/ghy/test/5-project-age/quality-life/.git/
]0;/home/ghy/test/5-project-age/quality-life]0;ghy@ghy-ThinkPad-T440: ~/test/5-project-age/quality-lifeghy@ghy-ThinkPad-T440:~/test/5-project-age/quality-life$ in[K[Kgit add .